Archive member included because of file (symbol)

c:/program files (x86)/arm gcc/bin/../lib/gcc/arm-none-eabi/4.8.4/armv7-m\libgcc.a(_arm_addsubdf3.o)
                              ..\obj\display.o (__aeabi_dsub)
c:/program files (x86)/arm gcc/bin/../lib/gcc/arm-none-eabi/4.8.4/armv7-m\libgcc.a(_arm_muldivdf3.o)
                              ..\obj\string.o (__aeabi_dmul)
c:/program files (x86)/arm gcc/bin/../lib/gcc/arm-none-eabi/4.8.4/armv7-m\libgcc.a(_arm_fixunsdfsi.o)
                              ..\obj\display.o (__aeabi_d2uiz)
c:/program files (x86)/arm gcc/bin/../lib/gcc/arm-none-eabi/4.8.4/armv7-m\libgcc.a(_arm_truncdfsf2.o)
                              ..\obj\string.o (__aeabi_d2f)
c:/program files (x86)/arm gcc/bin/../lib/gcc/arm-none-eabi/4.8.4/armv7-m\libgcc.a(_arm_addsubsf3.o)
                              ..\obj\string.o (__aeabi_fsub)
c:/program files (x86)/arm gcc/bin/../lib/gcc/arm-none-eabi/4.8.4/armv7-m\libgcc.a(_arm_muldivsf3.o)
                              ..\obj\string.o (__aeabi_fmul)
c:/program files (x86)/arm gcc/bin/../lib/gcc/arm-none-eabi/4.8.4/armv7-m\libgcc.a(_arm_cmpsf2.o)
                              ..\obj\string.o (__aeabi_fcmplt)
c:/program files (x86)/arm gcc/bin/../lib/gcc/arm-none-eabi/4.8.4/armv7-m\libgcc.a(_arm_fixsfsi.o)
                              ..\obj\string.o (__aeabi_f2iz)
c:/program files (x86)/arm gcc/bin/../lib/gcc/arm-none-eabi/4.8.4/../../../../arm-none-eabi/lib/armv7-m\libg.a(lib_a-strcpy.o)
                              ..\obj\display.o (strcpy)

Allocating common symbols
Common symbol       size              file

SaveRState          0x2               ..\obj\usb_lib.o
DisplayBuffer       0x988             ..\obj\display.o
SaveState           0x2               ..\obj\usb_lib.o
wIstr               0x2               ..\obj\usb_istr.o
pProperty           0x4               ..\obj\usb_lib.o
modeOper            0x1               ..\obj\main.o
EPindex             0x1               ..\obj\usb_lib.o
SaveTState          0x2               ..\obj\usb_lib.o
DebugDecrease       0x4               ..\obj\debug.o
Device_Info         0x1c              ..\obj\usb_lib.o
pUser_Standard_Requests
                    0x4               ..\obj\usb_lib.o
ptrE                0x7               ..\obj\main.o
modeBL              0x1               ..\obj\main.o
StatusInfo          0x2               ..\obj\usb_core.o
pInformation        0x4               ..\obj\usb_lib.o
ResumeS             0x2               ..\obj\usb_pwr.o
stream_buffer       0xc8              ..\obj\usb_endp.o
datar               0x2bc             ..\obj\main.o
ptrS                0x7               ..\obj\main.o
EP                  0x20              ..\obj\usb_pwr.o
wInterrupt_Mask     0x2               ..\obj\usb_lib.o

Discarded input sections

 .text          0x00000000        0x0 ..\obj\semihosting.o
 .data          0x00000000        0x0 ..\obj\semihosting.o
 .bss           0x00000000       0x14 ..\obj\semihosting.o
 .text.SH_SendChar
                0x00000000       0x38 ..\obj\semihosting.o
 .text.SH_SendString
                0x00000000       0x10 ..\obj\semihosting.o
 .text.SH_GetChar
                0x00000000       0x34 ..\obj\semihosting.o
 .debug_info    0x00000000      0x1c5 ..\obj\semihosting.o
 .debug_abbrev  0x00000000       0xeb ..\obj\semihosting.o
 .debug_loc     0x00000000       0x4d ..\obj\semihosting.o
 .debug_aranges
                0x00000000       0x30 ..\obj\semihosting.o
 .debug_ranges  0x00000000       0x20 ..\obj\semihosting.o
 .debug_line    0x00000000       0xae ..\obj\semihosting.o
 .debug_str     0x00000000      0x199 ..\obj\semihosting.o
 .comment       0x00000000       0x71 ..\obj\semihosting.o
 .ARM.attributes
                0x00000000       0x33 ..\obj\semihosting.o
 .debug_frame   0x00000000       0x5c ..\obj\semihosting.o
 .text          0x00000000        0x0 ..\obj\stm32l1xx_gpio.o
 .data          0x00000000        0x0 ..\obj\stm32l1xx_gpio.o
 .bss           0x00000000        0x0 ..\obj\stm32l1xx_gpio.o
 .text.GPIO_DeInit
                0x00000000       0xe4 ..\obj\stm32l1xx_gpio.o
 .text.GPIO_StructInit
                0x00000000       0x14 ..\obj\stm32l1xx_gpio.o
 .text.GPIO_PinLockConfig
                0x00000000       0x24 ..\obj\stm32l1xx_gpio.o
 .text.GPIO_ReadInputData
                0x00000000        0x8 ..\obj\stm32l1xx_gpio.o
 .text.GPIO_ReadOutputDataBit
                0x00000000        0xc ..\obj\stm32l1xx_gpio.o
 .text.GPIO_ReadOutputData
                0x00000000        0x8 ..\obj\stm32l1xx_gpio.o
 .text.GPIO_WriteBit
                0x00000000        0xc ..\obj\stm32l1xx_gpio.o
 .text.GPIO_Write
                0x00000000        0x4 ..\obj\stm32l1xx_gpio.o
 .text.GPIO_ToggleBits
                0x00000000        0xc ..\obj\stm32l1xx_gpio.o
 .text          0x00000000        0x0 ..\obj\usb_core.o
 .data          0x00000000        0x0 ..\obj\usb_core.o
 .text          0x00000000        0x0 ..\obj\string.o
[...]
Memory Configuration

Name             Origin             Length             Attributes
rom              0x08000000         0x00010000         xr
ram              0x20000000         0x00002800         xrw
*default*        0x00000000         0xffffffff

Linker script and memory map

                0x20002800                _eram = 0x20002800

.text           0x08000000     0x496c
 *(.isr_vector)
 .isr_vector    0x08000000       0xf4 ..\obj\startup_stm32l1xx_md.o
                0x08000000                g_pfnVectors
 *(.text*)
 .text.GPIO_Init
                0x080000f4       0x94 ..\obj\stm32l1xx_gpio.o
                0x080000f4                GPIO_Init
 .text.GPIO_ReadInputDataBit
                0x08000188        0xc ..\obj\stm32l1xx_gpio.o
                0x08000188                GPIO_ReadInputDataBit
 .text.GPIO_SetBits
                0x08000194        0x4 ..\obj\stm32l1xx_gpio.o
                0x08000194                GPIO_SetBits
 .text.GPIO_ResetBits
                0x08000198        0x4 ..\obj\stm32l1xx_gpio.o
                0x08000198                GPIO_ResetBits
 .text.GPIO_PinAFConfig
                0x0800019c       0x28 ..\obj\stm32l1xx_gpio.o
                0x0800019c                GPIO_PinAFConfig
 .text.Standard_GetConfiguration
                0x080001c4       0x28 ..\obj\usb_core.o
                0x080001c4                Standard_GetConfiguration
 .text.Standard_GetInterface
                0x080001ec       0x28 ..\obj\usb_core.o
                0x080001ec                Standard_GetInterface
 .text.Standard_GetStatus
                0x08000214       0x9c ..\obj\usb_core.o
                0x08000214                Standard_GetStatus
 .text.DataStageIn
                0x080002b0       0xa4 ..\obj\usb_core.o
 .text.Standard_SetConfiguration
                0x08000354       0x40 ..\obj\usb_core.o
                0x08000354                Standard_SetConfiguration
 .text.Standard_SetInterface
                0x08000394       0x54 ..\obj\usb_core.o
                0x08000394                Standard_SetInterface
 .text.Standard_ClearFeature
                0x080003e8       0xe4 ..\obj\usb_core.o
                0x080003e8                Standard_ClearFeature
 .text.Standard_SetEndPointFeature
                0x080004cc       0x78 ..\obj\usb_core.o
                0x080004cc                Standard_SetEndPointFeature
 .text.Standard_SetDeviceFeature
                0x08000544       0x24 ..\obj\usb_core.o
                0x08000544                Standard_SetDeviceFeature
 .text.Standard_GetDescriptorData
                0x08000568       0x1c ..\obj\usb_core.o
                0x08000568                Standard_GetDescriptorData
 .text.Post0_Process
                0x08000584       0x40 ..\obj\usb_core.o
                0x08000584                Post0_Process
 .text.Setup0_Process
                0x080005c4      0x310 ..\obj\usb_core.o
                0x080005c4                Setup0_Process
 .text.Out0_Process
                0x080008d4       0xe0 ..\obj\usb_core.o
                0x080008d4                Out0_Process
 .text.SetDeviceAddress
                0x080009b4       0x2c ..\obj\usb_core.o
                0x080009b4                SetDeviceAddress
 .text.In0_Process
                0x080009e0       0x64 ..\obj\usb_core.o
                0x080009e0                In0_Process
 .text.NOP_Process
                0x08000a44        0x4 ..\obj\usb_core.o
                0x08000a44                NOP_Process
 .text.PWR_RTCAccessCmd
                0x08000a48        0xc ..\obj\stm32l1xx_pwr.o
                0x08000a48                PWR_RTCAccessCmd
 .text.PWR_WakeUpPinCmd
                0x08000a54       0x18 ..\obj\stm32l1xx_pwr.o
                0x08000a54                PWR_WakeUpPinCmd
 .text.PWR_EnterSTANDBYMode
                0x08000a6c       0x28 ..\obj\stm32l1xx_pwr.o
                0x08000a6c                PWR_EnterSTANDBYMode
 .text._delay_IIC_soft
                0x08000a94       0x10 ..\obj\i2c_soft.o
                0x08000a94                _delay_IIC_soft
 .text.I2CS_Init
                0x08000aa4       0x44 ..\obj\i2c_soft.o
                0x08000aa4                I2CS_Init
 .text.I2CS_Start
                0x08000ae8       0x88 ..\obj\i2c_soft.o
                0x08000ae8                I2CS_Start
 .text.I2CS_WriteByte
                0x08000b70       0x6c ..\obj\i2c_soft.o
                0x08000b70                I2CS_WriteByte
 .text.I2CS_Stop
                0x08000bdc       0x3c ..\obj\i2c_soft.o
                0x08000bdc                I2CS_Stop
 .text.DAC_Init
                0x08000c18       0x30 ..\obj\stm32l1xx_dac.o
                0x08000c18                DAC_Init
 .text.DAC_Cmd  0x08000c48       0x28 ..\obj\stm32l1xx_dac.o
                0x08000c48                DAC_Cmd
 .text.DAC_DMACmd
                0x08000c70       0x2c ..\obj\stm32l1xx_dac.o
                0x08000c70                DAC_DMACmd
 .text.Default_Handler
                0x08000c9c        0x4 ..\obj\startup_stm32l1xx_md.o
                0x08000c9c                PendSV_Handler
                0x08000c9c                NMI_Handler
                0x08000c9c                UsageFault_Handler
                0x08000c9c                MemManage_Handler
                0x08000c9c                SVC_Handler
                0x08000c9c                BusFault_Handler
                0x08000c9c                DebugMon_Handler
 .text.Default_Reset_Handler
                0x08000ca0       0x6c ..\obj\startup_stm32l1xx_md.o
                0x08000ca0                RTC_Alarm_IRQHandler
                0x08000ca0                EXTI2_IRQHandler
                0x08000ca0                TIM10_IRQHandler
                0x08000ca0                TIM6_IRQHandler
                0x08000ca0                PVD_IRQHandler
                0x08000ca0                EXTI3_IRQHandler
                0x08000ca0                EXTI0_IRQHandler
                0x08000ca0                I2C2_EV_IRQHandler
                0x08000ca0                SPI1_IRQHandler
                0x08000ca0                DMA1_Channel4_IRQHandler
                0x08000ca0                ADC1_IRQHandler
                0x08000ca0                USART3_IRQHandler
                0x08000ca0                DMA1_Channel7_IRQHandler
                0x08000ca0                Reset_Handler
                0x08000ca0                LCD_IRQHandler
                0x08000ca0                TIM4_IRQHandler
                0x08000ca0                I2C1_EV_IRQHandler
                0x08000ca0                DMA1_Channel6_IRQHandler
                0x08000ca0                RCC_IRQHandler
                0x08000ca0                DMA1_Channel1_IRQHandler
                0x08000ca0                EXTI15_10_IRQHandler
                0x08000ca0                Default_Reset_Handler
                0x08000ca0                TIM7_IRQHandler
                0x08000ca0                EXTI9_5_IRQHandler
                0x08000ca0                TIM9_IRQHandler
                0x08000ca0                TAMPER_STAMP_IRQHandler
                0x08000ca0                RTC_WKUP_IRQHandler
                0x08000ca0                SPI2_IRQHandler
                0x08000ca0                EXTI4_IRQHandler
                0x08000ca0                DMA1_Channel3_IRQHandler
                0x08000ca0                COMP_IRQHandler
                0x08000ca0                WWDG_IRQHandler
                0x08000ca0                DAC_IRQHandler
                0x08000ca0                EXTI1_IRQHandler
                0x08000ca0                TIM11_IRQHandler
                0x08000ca0                USART2_IRQHandler
                0x08000ca0                I2C2_ER_IRQHandler
                0x08000ca0                DMA1_Channel2_IRQHandler
                0x08000ca0                FLASH_IRQHandler
                0x08000ca0                USART1_IRQHandler
                0x08000ca0                I2C1_ER_IRQHandler
 .text._GetENDPOINT
                0x08000d0c       0x10 ..\obj\usb_regs.o
                0x08000d0c                _GetENDPOINT
 .text.SetEPType
                0x08000d1c       0x1c ..\obj\usb_regs.o
                0x08000d1c                SetEPType
 .text.SetEPTxStatus
                0x08000d38       0x3c ..\obj\usb_regs.o
                0x08000d38                SetEPTxStatus
 .text.SetEPRxStatus
                0x08000d74       0x3c ..\obj\usb_regs.o
                0x08000d74                SetEPRxStatus
 .text.SetEPRxTxStatus
                0x08000db0       0x5c ..\obj\usb_regs.o
                0x08000db0                SetEPRxTxStatus
 .text.GetEPTxStatus
                0x08000e0c       0x14 ..\obj\usb_regs.o
                0x08000e0c                GetEPTxStatus
 .text.GetEPRxStatus
                0x08000e20       0x14 ..\obj\usb_regs.o
                0x08000e20                GetEPRxStatus
 .text.SetEPRxValid
                0x08000e34        0xc ..\obj\usb_regs.o
                0x08000e34                SetEPRxValid
 .text.ClearEP_KIND
                0x08000e40       0x20 ..\obj\usb_regs.o
                0x08000e40                ClearEP_KIND
 .text.Clear_Status_Out
                0x08000e60        0x8 ..\obj\usb_regs.o
                0x08000e60                Clear_Status_Out
 .text.GetTxStallStatus
                0x08000e68       0x10 ..\obj\usb_regs.o
                0x08000e68                GetTxStallStatus
 .text.GetRxStallStatus
                0x08000e78       0x14 ..\obj\usb_regs.o
                0x08000e78                GetRxStallStatus
 .text.ClearEP_CTR_RX
                0x08000e8c       0x18 ..\obj\usb_regs.o
                0x08000e8c                ClearEP_CTR_RX
 .text.ClearEP_CTR_TX
                0x08000ea4       0x1c ..\obj\usb_regs.o
                0x08000ea4                ClearEP_CTR_TX
 .text.ToggleDTOG_RX
                0x08000ec0       0x20 ..\obj\usb_regs.o
                0x08000ec0                ToggleDTOG_RX
 .text.ToggleDTOG_TX
                0x08000ee0       0x20 ..\obj\usb_regs.o
                0x08000ee0                ToggleDTOG_TX
 .text.ClearDTOG_RX
                0x08000f00       0x1c ..\obj\usb_regs.o
                0x08000f00                ClearDTOG_RX
 .text.ClearDTOG_TX
                0x08000f1c       0x1c ..\obj\usb_regs.o
                0x08000f1c                ClearDTOG_TX
 .text.SetEPAddress
                0x08000f38       0x24 ..\obj\usb_regs.o
                0x08000f38                SetEPAddress
 .text.SetEPTxAddr
                0x08000f5c       0x20 ..\obj\usb_regs.o
                0x08000f5c                SetEPTxAddr
 .text.SetEPRxAddr
                0x08000f7c       0x20 ..\obj\usb_regs.o
                0x08000f7c                SetEPRxAddr
 .text.GetEPTxAddr
                0x08000f9c       0x1c ..\obj\usb_regs.o
                0x08000f9c                GetEPTxAddr
 .text.GetEPRxAddr
                0x08000fb8       0x1c ..\obj\usb_regs.o
                0x08000fb8                GetEPRxAddr
 .text.SetEPTxCount
                0x08000fd4       0x1c ..\obj\usb_regs.o
                0x08000fd4                SetEPTxCount
 .text.SetEPCountRxReg
                0x08000ff0       0x2c ..\obj\usb_regs.o
                0x08000ff0                SetEPCountRxReg
 .text.SetEPRxCount
                0x0800101c       0x20 ..\obj\usb_regs.o
                0x0800101c                SetEPRxCount
 .text.SetEPDblBuffAddr
                0x0800103c       0x14 ..\obj\usb_regs.o
                0x0800103c                SetEPDblBuffAddr
 .text.SetEPDblBuf0Count
                0x08001050       0x3c ..\obj\usb_regs.o
                0x08001050                SetEPDblBuf0Count
 .text.SetEPDblBuf1Count
                0x0800108c       0x30 ..\obj\usb_regs.o
                0x0800108c                SetEPDblBuf1Count
 .text.SetEPDblBuffCount
                0x080010bc       0x18 ..\obj\usb_regs.o
                0x080010bc                SetEPDblBuffCount
 .text.FreeUserBuffer
                0x080010d4       0x18 ..\obj\usb_regs.o
                0x080010d4                FreeUserBuffer
 .text.ByteSwap
                0x080010ec        0xc ..\obj\usb_regs.o
                0x080010ec                ByteSwap
 .text.TouchInit
                0x080010f8        0x4 ..\obj\touch.o
                0x080010f8                TouchInit
 .text.TIM2_IRQHandler
                0x080010fc       0xb4 ..\obj\touch.o
                0x080010fc                TIM2_IRQHandler
 .text.IntToUnicode
                0x080011b0       0x2c ..\obj\hw_config.o
 .text.USB_HP_IRQHandler
                0x080011dc        0x8 ..\obj\hw_config.o
                0x080011dc                USB_HP_IRQHandler
 .text.USB_LP_IRQHandler
                0x080011e4        0x8 ..\obj\hw_config.o
                0x080011e4                USB_LP_IRQHandler
 .text.USB_FS_WKUP_IRQHandler
                0x080011ec       0x10 ..\obj\hw_config.o
                0x080011ec                USB_FS_WKUP_IRQHandler
 .text.USB_HWConfig
                0x080011fc       0x74 ..\obj\hw_config.o
                0x080011fc                USB_HWConfig
 .text.Leave_LowPowerMode
                0x08001270       0x20 ..\obj\hw_config.o
                0x08001270                Leave_LowPowerMode
 .text.Get_SerialNum
                0x08001290       0x38 ..\obj\hw_config.o
                0x08001290                Get_SerialNum
 .text.RCC_HSICmd
                0x080012c8        0xc ..\obj\stm32l1xx_rcc.o
                0x080012c8                RCC_HSICmd
 .text.RCC_LSEConfig
                0x080012d4       0x10 ..\obj\stm32l1xx_rcc.o
                0x080012d4                RCC_LSEConfig
 .text.RCC_RTCCLKConfig
                0x080012e4       0x30 ..\obj\stm32l1xx_rcc.o
                0x080012e4                RCC_RTCCLKConfig
 .text.RCC_RTCCLKCmd
                0x08001314        0xc ..\obj\stm32l1xx_rcc.o
                0x08001314                RCC_RTCCLKCmd
 .text.RCC_RTCResetCmd
                0x08001320        0xc ..\obj\stm32l1xx_rcc.o
                0x08001320                RCC_RTCResetCmd
 .text.RCC_AHBPeriphClockCmd
                0x0800132c       0x1c ..\obj\stm32l1xx_rcc.o
                0x0800132c                RCC_AHBPeriphClockCmd
 .text.RCC_APB2PeriphClockCmd
                0x08001348       0x1c ..\obj\stm32l1xx_rcc.o
                0x08001348                RCC_APB2PeriphClockCmd
 .text.RCC_APB1PeriphClockCmd
                0x08001364       0x1c ..\obj\stm32l1xx_rcc.o
                0x08001364                RCC_APB1PeriphClockCmd
 .text.RCC_APB2PeriphResetCmd
                0x08001380       0x1c ..\obj\stm32l1xx_rcc.o
                0x08001380                RCC_APB2PeriphResetCmd
 .text.RCC_GetFlagStatus
                0x0800139c       0x20 ..\obj\stm32l1xx_rcc.o
                0x0800139c                RCC_GetFlagStatus
 .text.Speaker_SetConfiguration
                0x080013bc       0x18 ..\obj\usb_prop.o
                0x080013bc                Speaker_SetConfiguration
 .text.Speaker_SetDeviceAddress
                0x080013d4        0xc ..\obj\usb_prop.o
                0x080013d4                Speaker_SetDeviceAddress
 .text.Speaker_Status_In
                0x080013e0        0x4 ..\obj\usb_prop.o
                0x080013e0                Speaker_Status_In
 .text.Speaker_Status_Out
                0x080013e4        0x4 ..\obj\usb_prop.o
                0x080013e4                Speaker_Status_Out
 .text.Speaker_NoData_Setup
                0x080013e8        0x4 ..\obj\usb_prop.o
                0x080013e8                Speaker_NoData_Setup
 .text.Speaker_Get_Interface_Setting
                0x080013ec       0x14 ..\obj\usb_prop.o
                0x080013ec                Speaker_Get_Interface_Setting
 .text.Mute_Command
                0x08001400       0x18 ..\obj\usb_prop.o
                0x08001400                Mute_Command
 .text.Speaker_Data_Setup
                0x08001418       0x2c ..\obj\usb_prop.o
                0x08001418                Speaker_Data_Setup
 .text.Speaker_Init
                0x08001444       0x24 ..\obj\usb_prop.o
                0x08001444                Speaker_Init
 .text.Speaker_Reset
                0x08001468       0xb8 ..\obj\usb_prop.o
                0x08001468                Speaker_Reset
 .text.Speaker_GetDeviceDescriptor
                0x08001520       0x10 ..\obj\usb_prop.o
                0x08001520                Speaker_GetDeviceDescriptor
 .text.Speaker_GetConfigDescriptor
                0x08001530       0x10 ..\obj\usb_prop.o
                0x08001530                Speaker_GetConfigDescriptor
 .text.Speaker_GetStringDescriptor
                0x08001540       0x24 ..\obj\usb_prop.o
                0x08001540                Speaker_GetStringDescriptor
 .text.SystemInit
                0x08001564      0x124 ..\obj\system_stm32l1xx.o
                0x08001564                SystemInit
 .text.PowerOn  0x08001688       0x28 ..\obj\usb_pwr.o
                0x08001688                PowerOn
 .text.Resume_Init
                0x080016b0       0x1c ..\obj\usb_pwr.o
                0x080016b0                Resume_Init
 .text.Resume   0x080016cc       0xc4 ..\obj\usb_pwr.o
                0x080016cc                Resume
 .text.delay_ms
                0x08001790       0x14 ..\obj\main.o
                0x08001790                delay_ms
 .text.SysTick_Handler
                0x080017a4       0x38 ..\obj\main.o
                0x080017a4                SysTick_Handler
 .text.main     0x080017dc      0x974 ..\obj\main.o
                0x080017dc                main
 .text.ADC_DeInit
                0x08002150       0x24 ..\obj\stm32l1xx_adc.o
                0x08002150                ADC_DeInit
 .text.ADC_Init
                0x08002174       0x50 ..\obj\stm32l1xx_adc.o
                0x08002174                ADC_Init
 .text.ADC_Cmd  0x080021c4       0x18 ..\obj\stm32l1xx_adc.o
                0x080021c4                ADC_Cmd
 .text.ADC_RegularChannelConfig
                0x080021dc      0x114 ..\obj\stm32l1xx_adc.o
                0x080021dc                ADC_RegularChannelConfig
 .text.ADC_SoftwareStartConv
                0x080022f0        0xc ..\obj\stm32l1xx_adc.o
                0x080022f0                ADC_SoftwareStartConv
 .text.ADC_GetConversionValue
                0x080022fc        0x8 ..\obj\stm32l1xx_adc.o
                0x080022fc                ADC_GetConversionValue
 .text.ADC_GetFlagStatus
                0x08002304        0xc ..\obj\stm32l1xx_adc.o
                0x08002304                ADC_GetFlagStatus
 .text.HardwareInit
                0x08002310      0x114 ..\obj\hardware.o
                0x08002310                HardwareInit
 .text.ADC_ReadChannel
                0x08002424       0x34 ..\obj\hardware.o
                0x08002424                ADC_ReadChannel
 .text.SysTickConfig
                0x08002458       0x34 ..\obj\hardware.o
                0x08002458                SysTickConfig
 .text.PowerEnterStandby
                0x0800248c       0x10 ..\obj\hardware.o
                0x0800248c                PowerEnterStandby
 .text.PowerEnableMux
                0x0800249c       0x10 ..\obj\hardware.o
                0x0800249c                PowerEnableMux
 .text.PowerEnableDisplaySpectre
                0x080024ac       0x10 ..\obj\hardware.o
                0x080024ac                PowerEnableDisplaySpectre
 .text.PowerDisableDisplaySpectre
                0x080024bc       0x10 ..\obj\hardware.o
                0x080024bc                PowerDisableDisplaySpectre
 .text.PowerEnableAMP
                0x080024cc       0x10 ..\obj\hardware.o
                0x080024cc                PowerEnableAMP
 .text.AMPMuteOn
                0x080024dc       0x10 ..\obj\hardware.o
                0x080024dc                AMPMuteOn
 .text.AMPMuteOff
                0x080024ec       0x10 ..\obj\hardware.o
                0x080024ec                AMPMuteOff
 .text.PowerDisableCharge
                0x080024fc       0x1c ..\obj\hardware.o
                0x080024fc                PowerDisableCharge
 .text.PowerEnableCharge
                0x08002518       0x1c ..\obj\hardware.o
                0x08002518                PowerEnableCharge
 .text.checkCharge
                0x08002534       0x64 ..\obj\hardware.o
                0x08002534                checkCharge
 .text.PowerEnableBT
                0x08002598       0xa8 ..\obj\hardware.o
                0x08002598                PowerEnableBT
 .text.PowerDisableBT
                0x08002640       0x1c ..\obj\hardware.o
                0x08002640                PowerDisableBT
 .text.GetVBat  0x0800265c       0x28 ..\obj\hardware.o
                0x0800265c                GetVBat
 .text.ScanSpectre
                0x08002684       0x6c ..\obj\hardware.o
                0x08002684                ScanSpectre
 .text.TIM3_IRQHandler
                0x080026f0       0x58 ..\obj\hardware.o
                0x080026f0                TIM3_IRQHandler
 .text.KeyboardHWScan
                0x08002748      0x14c ..\obj\hardware.o
                0x08002748                KeyboardHWScan
 .text.LEDSProcess
                0x08002894      0x1a8 ..\obj\hardware.o
                0x08002894                LEDSProcess
 .text.LEDSet   0x08002a3c       0x54 ..\obj\hardware.o
                0x08002a3c                LEDSet
 .text.DisplayInit
                0x08002a90      0x130 ..\obj\display.o
                0x08002a90                DisplayInit
 .text.DMA1_Channel5_IRQHandler
                0x08002bc0       0x44 ..\obj\display.o
                0x08002bc0                DMA1_Channel5_IRQHandler
 .text.DisplayClear
                0x08002c04       0x40 ..\obj\display.o
                0x08002c04                DisplayClear
 .text._RGBSet  0x08002c44       0xe0 ..\obj\display.o
                0x08002c44                _RGBSet
 .text.colorDecimate
                0x08002d24       0x58 ..\obj\display.o
                0x08002d24                colorDecimate
 *fill*         0x08002d7c        0x4 
 .text.RGBColorWheel
                0x08002d80       0xe8 ..\obj\display.o
                0x08002d80                RGBColorWheel
 .text.DisplayPixel
                0x08002e68       0x60 ..\obj\display.o
                0x08002e68                DisplayPixel
 .text.DisplayUpdate
                0x08002ec8       0x2c ..\obj\display.o
                0x08002ec8                DisplayUpdate
 .text.Display_AngleDownLine
                0x08002ef4       0x74 ..\obj\display.o
                0x08002ef4                Display_AngleDownLine
 .text.rainbow  0x08002f68       0xac ..\obj\display.o
                0x08002f68                rainbow
 .text.SetLinearHLine
                0x08003014       0x70 ..\obj\display.o
                0x08003014                SetLinearHLine
 .text.SetLinearHLine2Colour
                0x08003084       0x70 ..\obj\display.o
                0x08003084                SetLinearHLine2Colour
 .text.SYSCFG_USBPuCmd
                0x080030f4       0x20 ..\obj\stm32l1xx_syscfg.o
                0x080030f4                SYSCFG_USBPuCmd
 .text.DMA_DeInit
                0x08003114      0x120 ..\obj\stm32l1xx_dma.o
                0x08003114                DMA_DeInit
 .text.DMA_Init
                0x08003234       0x40 ..\obj\stm32l1xx_dma.o
                0x08003234                DMA_Init
 .text.DMA_ITConfig
                0x08003274       0x14 ..\obj\stm32l1xx_dma.o
                0x08003274                DMA_ITConfig
 .text.DMA_GetITStatus
                0x08003288       0x20 ..\obj\stm32l1xx_dma.o
                0x08003288                DMA_GetITStatus
 .text.DMA_ClearITPendingBit
                0x080032a8       0x18 ..\obj\stm32l1xx_dma.o
                0x080032a8                DMA_ClearITPendingBit
 .text          0x080032c0       0x30 ..\obj\sh_cmd.o
                0x080032c0                SH_DoCommand
                0x080032d6                HardFault_Handler
 .text.DebugInit
                0x080032f0        0x4 ..\obj\debug.o
                0x080032f0                DebugInit
 .text.EP1_OUT_Callback
                0x080032f4       0x9c ..\obj\usb_endp.o
                0x080032f4                EP1_OUT_Callback
 .text.SOF_Callback
                0x08003390        0x4 ..\obj\usb_endp.o
                0x08003390                SOF_Callback
 .text.NVIC_Init
                0x08003394       0x70 ..\obj\misc.o
                0x08003394                NVIC_Init
 .text.SysTick_CLKSourceConfig
                0x08003404       0x18 ..\obj\misc.o
                0x08003404                SysTick_CLKSourceConfig
 .text.RTC_WaitForSynchro
                0x0800341c       0x48 ..\obj\stm32l1xx_rtc.o
                0x0800341c                RTC_WaitForSynchro
 .text.USB_Init
                0x08003464       0x38 ..\obj\usb_lib.o
                0x08003464                USB_Init
 .text.CTR_LP   0x0800349c      0x138 ..\obj\usb_lib.o
                0x0800349c                CTR_LP
 .text.CTR_HP   0x080035d4       0x78 ..\obj\usb_lib.o
                0x080035d4                CTR_HP
 .text.UserToPMABufferCopy
                0x0800364c       0x34 ..\obj\usb_lib.o
                0x0800364c                UserToPMABufferCopy
 .text.PMAToUserBufferCopy
                0x08003680       0x20 ..\obj\usb_lib.o
                0x08003680                PMAToUserBufferCopy
 .text.USB_SIL_Init
                0x080036a0       0x20 ..\obj\usb_lib.o
                0x080036a0                USB_SIL_Init
 .text.TI1_Config
                0x080036c0       0x34 ..\obj\stm32l1xx_tim.o
 .text.TI2_Config
                0x080036f4       0x3c ..\obj\stm32l1xx_tim.o
 .text.TIM_TimeBaseInit
                0x08003730       0x58 ..\obj\stm32l1xx_tim.o
                0x08003730                TIM_TimeBaseInit
 .text.TIM_TimeBaseStructInit
                0x08003788       0x10 ..\obj\stm32l1xx_tim.o
                0x08003788                TIM_TimeBaseStructInit
 .text.TIM_Cmd  0x08003798       0x1c ..\obj\stm32l1xx_tim.o
                0x08003798                TIM_Cmd
 .text.TIM_OC3Init
                0x080037b4       0x44 ..\obj\stm32l1xx_tim.o
                0x080037b4                TIM_OC3Init
 .text.TIM_OC3PreloadConfig
                0x080037f8       0x10 ..\obj\stm32l1xx_tim.o
                0x080037f8                TIM_OC3PreloadConfig
 .text.TIM_GetCapture4
                0x08003808        0x4 ..\obj\stm32l1xx_tim.o
                0x08003808                TIM_GetCapture4
 .text.TIM_SetIC1Prescaler
                0x0800380c       0x18 ..\obj\stm32l1xx_tim.o
                0x0800380c                TIM_SetIC1Prescaler
 .text.TIM_SetIC2Prescaler
                0x08003824       0x1c ..\obj\stm32l1xx_tim.o
                0x08003824                TIM_SetIC2Prescaler
 .text.TIM_SetIC3Prescaler
                0x08003840       0x18 ..\obj\stm32l1xx_tim.o
                0x08003840                TIM_SetIC3Prescaler
 .text.TIM_SetIC4Prescaler
                0x08003858       0x1c ..\obj\stm32l1xx_tim.o
                0x08003858                TIM_SetIC4Prescaler
 .text.TIM_ICInit
                0x08003874       0xc4 ..\obj\stm32l1xx_tim.o
                0x08003874                TIM_ICInit
 .text.TIM_ITConfig
                0x08003938       0x18 ..\obj\stm32l1xx_tim.o
                0x08003938                TIM_ITConfig
 .text.TIM_GetITStatus
                0x08003950       0x18 ..\obj\stm32l1xx_tim.o
                0x08003950                TIM_GetITStatus
 .text.TIM_ClearITPendingBit
                0x08003968        0x8 ..\obj\stm32l1xx_tim.o
                0x08003968                TIM_ClearITPendingBit
 .text.TIM_DMACmd
                0x08003970       0x18 ..\obj\stm32l1xx_tim.o
                0x08003970                TIM_DMACmd
 .text.TIM_SelectOutputTrigger
                0x08003988       0x18 ..\obj\stm32l1xx_tim.o
                0x08003988                TIM_SelectOutputTrigger
 .text.MixerSendConfig
                0x080039a0       0x3c ..\obj\soundmixer.o
                0x080039a0                MixerSendConfig
 .text.SoundMixerSetVolume
                0x080039dc       0x14 ..\obj\soundmixer.o
                0x080039dc                SoundMixerSetVolume
 .text.SoundMixerSetVolumeL
                0x080039f0       0x18 ..\obj\soundmixer.o
                0x080039f0                SoundMixerSetVolumeL
 .text.SoundMixerSetVolumeR
                0x08003a08       0x18 ..\obj\soundmixer.o
                0x08003a08                SoundMixerSetVolumeR
 .text.SoundMixerSetGain
                0x08003a20       0x20 ..\obj\soundmixer.o
                0x08003a20                SoundMixerSetGain
 .text.SoundMixerSwitch
                0x08003a40       0x24 ..\obj\soundmixer.o
                0x08003a40                SoundMixerSwitch
 .text.SoundMixerSetBass
                0x08003a64       0x28 ..\obj\soundmixer.o
                0x08003a64                SoundMixerSetBass
 .text.SoundMixerSetTreble
                0x08003a8c       0x28 ..\obj\soundmixer.o
                0x08003a8c                SoundMixerSetTreble
 .text.MixerOn  0x08003ab4       0x48 ..\obj\soundmixer.o
                0x08003ab4                MixerOn
 .text.SoundCardInit
                0x08003afc      0x120 ..\obj\soundcard.o
                0x08003afc                SoundCardInit
 .text.USB_Istr
                0x08003c1c       0xb8 ..\obj\usb_istr.o
                0x08003c1c                USB_Istr
 .text.RTCInit  0x08003cd4       0x3c ..\obj\clock.o
                0x08003cd4                RTCInit
 .text          0x08003d10      0x370 c:/program files (x86)/arm gcc/bin/../lib/gcc/arm-none-eabi/4.8.4/armv7-m\libgcc.a(_arm_addsubdf3.o)
                0x08003d10                __aeabi_drsub
                0x08003d18                __aeabi_dsub
                0x08003d18                __subdf3
                0x08003d1c                __aeabi_dadd
                0x08003d1c                __adddf3
                0x08003f94                __floatunsidf
                0x08003f94                __aeabi_ui2d
                0x08003fb4                __floatsidf
                0x08003fb4                __aeabi_i2d
                0x08003fd8                __aeabi_f2d
                0x08003fd8                __extendsfdf2
                0x08004014                __floatundidf
                0x08004014                __aeabi_ul2d
                0x08004024                __floatdidf
                0x08004024                __aeabi_l2d
 .text          0x08004080      0x424 c:/program files (x86)/arm gcc/bin/../lib/gcc/arm-none-eabi/4.8.4/armv7-m\libgcc.a(_arm_muldivdf3.o)
                0x08004080                __aeabi_dmul
                0x08004080                __muldf3
                0x080042d4                __divdf3
                0x080042d4                __aeabi_ddiv
 .text          0x080044a4       0x40 c:/program files (x86)/arm gcc/bin/../lib/gcc/arm-none-eabi/4.8.4/armv7-m\libgcc.a(_arm_fixunsdfsi.o)
                0x080044a4                __aeabi_d2uiz
                0x080044a4                __fixunsdfsi
 *(.init)
 *(.fini)
 *crtbegin.o(.ctors)
 *crtbegin?.o(.ctors)
 *(EXCLUDE_FILE(*crtend.o *crtend?.o) .ctors)
 *(SORT(.ctors.*))
 *(.ctors)
 *crtbegin.o(.dtors)
 *crtbegin?.o(.dtors)
 *(EXCLUDE_FILE(*crtend.o *crtend?.o) .dtors)
 *(SORT(.dtors.*))
 *(.dtors)
 *(.rodata*)
 .rodata        0x080044e4       0xd4 ..\obj\usb_desc.o
                0x080044e4                Speaker_StringProduct
                0x08004508                Speaker_StringVendor
                0x08004530                Speaker_StringLangID
                0x08004534                Speaker_ConfigDescriptor
                0x080045a4                Speaker_DeviceDescriptor
 .rodata        0x080045b8      0x1e8 ..\obj\DefaultFonts.o
                0x080045b8                font3x5
 .rodata        0x080047a0       0x44 ..\obj\touch.o
 .rodata        0x080047e4       0x54 ..\obj\hardware.o
 .rodata        0x08004838      0x134 ..\obj\display.o
                0x08004838                gamma8
 *(.eh_fram e*)

.glue_7         0x0800496c        0x0
 .glue_7        0x00000000        0x0 linker stubs

.glue_7t        0x0800496c        0x0
 .glue_7t       0x00000000        0x0 linker stubs

.vfp11_veneer   0x0800496c        0x0
 .vfp11_veneer  0x00000000        0x0 linker stubs

.v4_bx          0x0800496c        0x0
 .v4_bx         0x00000000        0x0 linker stubs

.iplt           0x0800496c        0x0
 .iplt          0x00000000        0x0 ..\obj\semihosting.o

.rel.dyn        0x0800496c        0x0
 .rel.iplt      0x00000000        0x0 ..\obj\semihosting.o

.ARM.extab
 *(.ARM.extab* .gnu.linkonce.armextab.*)
                0x0800496c                __exidx_start = .

.ARM.exidx
 *(.ARM.exidx* .gnu.linkonce.armexidx.*)
                0x0800496c                __exidx_end = .
                0x0800496c                __etext = .
                0x0800496c                _sidata = __etext

.data           0x20000000      0x128 load address 0x0800496c
                0x20000000                __data_start__ = .
                0x20000000                _sdata = __data_start__
 *(vtable)
 *(.data*)
 .data          0x20000000       0x1c ..\obj\usb_desc.o
                0x20000000                Speaker_StringSerial
 .data          0x2000001c        0x1 ..\obj\touch.o
                0x2000001c                fuckin
 *fill*         0x2000001d        0x3 
 .data          0x20000020       0x88 ..\obj\usb_prop.o
                0x20000020                Device_Property
                0x20000050                Device_Descriptor
                0x20000058                Config_Descriptor
                0x20000060                String_Descriptor
                0x20000080                User_Standard_Requests
                0x200000a4                Device_Table
 .data          0x200000a8       0x20 ..\obj\system_stm32l1xx.o
                0x200000a8                SystemCoreClock
                0x200000ac                PLLMulTable
                0x200000b8                AHBPrescTable
 .data          0x200000c8        0x1 ..\obj\hardware.o
                0x200000c8                chargeStatus
 *fill*         0x200000c9        0x3 
 .data          0x200000cc       0x20 ..\obj\display.o
                0x200000d0                WHITE
                0x200000d4                MAGENTA
                0x200000d8                CYAN
                0x200000dc                YELLOW
                0x200000e0                BLUE
                0x200000e4                GREEN
                0x200000e8                RED
 .data          0x200000ec        0x1 ..\obj\soundmixer.o
                0x200000ec                _SNDMixGain
 *fill*         0x200000ed        0x3 
 .data          0x200000f0       0x38 ..\obj\usb_istr.o
                0x200000f0                pEpInt_OUT
                0x2000010c                pEpInt_IN
                0x20000128                . = ALIGN (0x4)
                0x20000128                PROVIDE (__preinit_array_start, .)
 *(.preinit_array)
                0x20000128                PROVIDE (__preinit_array_end, .)
                0x20000128                . = ALIGN (0x4)
                0x20000128                PROVIDE (__init_array_start, .)
 *(SORT(.init_array.*))
 *(.init_array)
                0x20000128                PROVIDE (__init_array_end, .)
                0x20000128                . = ALIGN (0x4)
                0x20000128                PROVIDE (__fini_array_start, .)
 *(SORT(.fini_array.*))
 *(.fini_array)
                0x20000128                PROVIDE (__fini_array_end, .)
 *(.jcr*)
                0x20000128                . = ALIGN (0x4)
                0x20000128                __data_end__ = .
                0x20000128                _edata = __data_end__

.igot.plt       0x20000128        0x0 load address 0x08004a94
 .igot.plt      0x00000000        0x0 ..\obj\semihosting.o

.bss            0x20000128      0xf40 load address 0x08004a94
                0x20000128                . = ALIGN (0x4)
                0x20000128                __bss_start__ = .
                0x20000128                _sbss = __bss_start__
 *(.bss*)
 .bss           0x20000128        0x1 ..\obj\usb_core.o
                0x20000128                Data_Mul_MaxPacketSize
 .bss           0x20000129        0x1 ..\obj\i2c_soft.o
 *fill*         0x2000012a        0x2 
 .bss           0x2000012c       0x1c ..\obj\touch.o
 .bss           0x20000148        0x4 ..\obj\usb_prop.o
                0x20000148                MUTE_DATA
 .bss           0x2000014c        0x8 ..\obj\usb_pwr.o
                0x2000014c                remotewakeupon
                0x20000150                bDeviceState
 .bss           0x20000154       0xc8 ..\obj\main.o
                0x20000154                delay
                0x2000015c                btnState
                0x20000218                fuckfuck
                0x20000219                failOccured
                0x2000021a                failHSE
 .bss           0x2000021c       0x44 ..\obj\hardware.o
                0x20000226                BTStatus
                0x20000254                touchKeyActivated
 .bss           0x20000260       0x80 ..\obj\display.o
                0x200002d8                displaySpeedCounter
                0x200002dc                BLACK
 .bss           0x200002e0        0x1 ..\obj\soundmixer.o
                0x200002e0                _SNDMixChnl
 *fill*         0x200002e1        0x3 
 .bss           0x200002e4        0x8 ..\obj\usb_istr.o
                0x200002e4                bIntPackSOF
                0x200002e8                esof_counter
 *(COMMON)
 COMMON         0x200002ec        0x2 ..\obj\usb_core.o
                0x200002ec                StatusInfo
 *fill*         0x200002ee        0x2 
 COMMON         0x200002f0       0x24 ..\obj\usb_pwr.o
                0x200002f0                ResumeS
                0x200002f4                EP
 COMMON         0x20000314      0x2cf ..\obj\main.o
                0x20000314                modeOper
                0x20000318                ptrE
                0x2000031f                modeBL
                0x20000320                datar
                0x200005dc                ptrS
 *fill*         0x200005e3        0x1 
 COMMON         0x200005e4      0x988 ..\obj\display.o
                0x200005e4                DisplayBuffer
 COMMON         0x20000f6c       0xc8 ..\obj\usb_endp.o
                0x20000f6c                stream_buffer
 COMMON         0x20001034       0x32 ..\obj\usb_lib.o
                0x20001034                SaveRState
                0x20001036                SaveState
                0x20001038                pProperty
                0x2000103c                EPindex
                0x2000103e                SaveTState
                0x20001040                Device_Info
                0x2000105c                pUser_Standard_Requests
                0x20001060                pInformation
                0x20001064                wInterrupt_Mask
 COMMON         0x20001066        0x2 ..\obj\usb_istr.o
                0x20001066                wIstr
                0x20001068                . = ALIGN (0x4)
                0x20001068                __bss_end__ = .
                0x20001068                _ebss = __bss_end__

.heap           0x20001068        0x0
                0x20001068                __end__ = .
                0x20001068                _end = __end__
                0x20001068                end = __end__
 *(.heap*)
                0x20001068                __HeapLimit = .

.co_stack       0x20001068      0x400 load address 0x080059d4
                0x20001068                . = ALIGN (0x8)
 *(.co_stack .co_stack.*)
 .co_stack      0x20001068      0x400 ..\obj\startup_stm32l1xx_md.o
                0x20001068                pulStack
                0x20002800                __StackTop = (ORIGIN (ram) + 0x2800)
                0x20002400                __StackLimit = (__StackTop - SIZEOF (.co_stack))
                0x20002800                PROVIDE (__stack, __StackTop)
                0x00000001                ASSERT ((__StackLimit >= __HeapLimit), region ram  overflowed with stack)
LOAD ..\obj\semihosting.o
LOAD ..\obj\stm32l1xx_gpio.o
LOAD ..\obj\usb_core.o
LOAD ..\obj\string.o
LOAD ..\obj\stm32l1xx_pwr.o
LOAD ..\obj\i2c_soft.o
LOAD ..\obj\stm32l1xx_dac.o
LOAD ..\obj\stm32l1xx_flash.o
LOAD ..\obj\startup_stm32l1xx_md.o
LOAD ..\obj\usb_desc.o
LOAD ..\obj\usb_regs.o
LOAD ..\obj\stm32l1xx_exti.o
LOAD ..\obj\DefaultFonts.o
LOAD ..\obj\touch.o
LOAD ..\obj\hw_config.o
LOAD ..\obj\stm32l1xx_rcc.o
LOAD ..\obj\usb_prop.o
LOAD ..\obj\system_stm32l1xx.o
LOAD ..\obj\usb_pwr.o
LOAD ..\obj\main.o
LOAD ..\obj\stm32l1xx_adc.o
LOAD ..\obj\hardware.o
LOAD ..\obj\printf.o
LOAD ..\obj\radio.o
LOAD ..\obj\display.o
LOAD ..\obj\stm32l1xx_syscfg.o
LOAD ..\obj\stm32l1xx_wwdg.o
LOAD ..\obj\stm32l1xx_dma.o
LOAD ..\obj\sh_cmd.o
LOAD ..\obj\stm32l1xx_usart.o
LOAD ..\obj\stm32l1xx_iwdg.o
LOAD ..\obj\debug.o
LOAD ..\obj\stm32l1xx_i2c.o
LOAD ..\obj\usb_endp.o
LOAD ..\obj\misc.o
LOAD ..\obj\stm32l1xx_rtc.o
LOAD ..\obj\usb_lib.o
LOAD ..\obj\stm32l1xx_tim.o
LOAD ..\obj\soundmixer.o
LOAD ..\obj\soundcard.o
LOAD ..\obj\usb_istr.o
LOAD ..\obj\clock.o
START GROUP
LOAD c:/program files (x86)/arm gcc/bin/../lib/gcc/arm-none-eabi/4.8.4/armv7-m\libgcc.a
LOAD c:/program files (x86)/arm gcc/bin/../lib/gcc/arm-none-eabi/4.8.4/../../../../arm-none-eabi/lib/armv7-m\libg.a
LOAD c:/program files (x86)/arm gcc/bin/../lib/gcc/arm-none-eabi/4.8.4/../../../../arm-none-eabi/lib/armv7-m\libc.a
END GROUP
OUTPUT(SpeakerBox.elf elf32-littlearm)

.debug_info     0x00000000    0x130f9
 .debug_info    0x00000000      0x7e3 ..\obj\stm32l1xx_gpio.o
 .debug_info    0x000007e3     0x1051 ..\obj\usb_core.o
 .debug_info    0x00001834      0x5fb ..\obj\stm32l1xx_pwr.o
 .debug_info    0x00001e2f      0x59f ..\obj\i2c_soft.o
 .debug_info    0x000023ce      0x695 ..\obj\stm32l1xx_dac.o
 .debug_info    0x00002a63      0x12c ..\obj\startup_stm32l1xx_md.o
 .debug_info    0x00002b8f      0x189 ..\obj\usb_desc.o
 .debug_info    0x00002d18      0xff5 ..\obj\usb_regs.o
 .debug_info    0x00003d0d       0x4f ..\obj\DefaultFonts.o
 .debug_info    0x00003d5c      0x795 ..\obj\touch.o
 .debug_info    0x000044f1      0x6b7 ..\obj\hw_config.o
 .debug_info    0x00004ba8      0xa43 ..\obj\stm32l1xx_rcc.o
 .debug_info    0x000055eb      0xadb ..\obj\usb_prop.o
 .debug_info    0x000060c6      0x577 ..\obj\system_stm32l1xx.o
 .debug_info    0x0000663d      0x575 ..\obj\usb_pwr.o
 .debug_info    0x00006bb2     0x1bc2 ..\obj\main.o
 .debug_info    0x00008774      0xcef ..\obj\stm32l1xx_adc.o
 .debug_info    0x00009463     0x1f8a ..\obj\hardware.o
 .debug_info    0x0000b3ed     0x1848 ..\obj\display.o
 .debug_info    0x0000cc35      0x479 ..\obj\stm32l1xx_syscfg.o
 .debug_info    0x0000d0ae      0x470 ..\obj\stm32l1xx_dma.o
 .debug_info    0x0000d51e       0x90 ..\obj\sh_cmd.o
 .debug_info    0x0000d5ae      0x58f ..\obj\debug.o
 .debug_info    0x0000db3d      0x284 ..\obj\usb_endp.o
 .debug_info    0x0000ddc1      0x543 ..\obj\misc.o
 .debug_info    0x0000e304     0x1340 ..\obj\stm32l1xx_rtc.o
 .debug_info    0x0000f644      0x8fd ..\obj\usb_lib.o
 .debug_info    0x0000ff41     0x1dc0 ..\obj\stm32l1xx_tim.o
 .debug_info    0x00011d01      0x469 ..\obj\soundmixer.o
 .debug_info    0x0001216a      0xa1e ..\obj\soundcard.o
 .debug_info    0x00012b88      0x327 ..\obj\usb_istr.o
 .debug_info    0x00012eaf      0x24a ..\obj\clock.o

.debug_abbrev   0x00000000     0x3b45
 .debug_abbrev  0x00000000      0x1e3 ..\obj\stm32l1xx_gpio.o
 .debug_abbrev  0x000001e3      0x3a3 ..\obj\usb_core.o
 .debug_abbrev  0x00000586      0x1df ..\obj\stm32l1xx_pwr.o
 .debug_abbrev  0x00000765      0x1dd ..\obj\i2c_soft.o
 .debug_abbrev  0x00000942      0x1cd ..\obj\stm32l1xx_dac.o
 .debug_abbrev  0x00000b0f       0xe1 ..\obj\startup_stm32l1xx_md.o
 .debug_abbrev  0x00000bf0       0x73 ..\obj\usb_desc.o
 .debug_abbrev  0x00000c63      0x230 ..\obj\usb_regs.o
 .debug_abbrev  0x00000e93       0x43 ..\obj\DefaultFonts.o
 .debug_abbrev  0x00000ed6      0x1a5 ..\obj\touch.o
 .debug_abbrev  0x0000107b      0x255 ..\obj\hw_config.o
 .debug_abbrev  0x000012d0      0x209 ..\obj\stm32l1xx_rcc.o
 .debug_abbrev  0x000014d9      0x24b ..\obj\usb_prop.o
 .debug_abbrev  0x00001724      0x145 ..\obj\system_stm32l1xx.o
 .debug_abbrev  0x00001869      0x211 ..\obj\usb_pwr.o
 .debug_abbrev  0x00001a7a      0x32e ..\obj\main.o
 .debug_abbrev  0x00001da8      0x1be ..\obj\stm32l1xx_adc.o
 .debug_abbrev  0x00001f66      0x3e7 ..\obj\hardware.o
 .debug_abbrev  0x0000234d      0x471 ..\obj\display.o
 .debug_abbrev  0x000027be      0x1b8 ..\obj\stm32l1xx_syscfg.o
 .debug_abbrev  0x00002976      0x164 ..\obj\stm32l1xx_dma.o
 .debug_abbrev  0x00002ada       0x14 ..\obj\sh_cmd.o
 .debug_abbrev  0x00002aee      0x1c6 ..\obj\debug.o
 .debug_abbrev  0x00002cb4      0x176 ..\obj\usb_endp.o
 .debug_abbrev  0x00002e2a      0x154 ..\obj\misc.o
 .debug_abbrev  0x00002f7e      0x1d4 ..\obj\stm32l1xx_rtc.o
 .debug_abbrev  0x00003152      0x253 ..\obj\usb_lib.o
 .debug_abbrev  0x000033a5      0x295 ..\obj\stm32l1xx_tim.o
 .debug_abbrev  0x0000363a      0x15d ..\obj\soundmixer.o
 .debug_abbrev  0x00003797      0x166 ..\obj\soundcard.o
 .debug_abbrev  0x000038fd      0x13e ..\obj\usb_istr.o
 .debug_abbrev  0x00003a3b      0x10a ..\obj\clock.o

.debug_loc      0x00000000     0x87b3
 .debug_loc     0x00000000      0x2b5 ..\obj\stm32l1xx_gpio.o
 .debug_loc     0x000002b5      0x99c ..\obj\usb_core.o
 .debug_loc     0x00000c51      0x1b7 ..\obj\stm32l1xx_pwr.o
 .debug_loc     0x00000e08      0x155 ..\obj\i2c_soft.o
 .debug_loc     0x00000f5d      0x549 ..\obj\stm32l1xx_dac.o
 .debug_loc     0x000014a6       0x5e ..\obj\startup_stm32l1xx_md.o
 .debug_loc     0x00001504      0xc67 ..\obj\usb_regs.o
 .debug_loc     0x0000216b       0xcc ..\obj\hw_config.o
 .debug_loc     0x00002237      0x7f5 ..\obj\stm32l1xx_rcc.o
 .debug_loc     0x00002a2c      0x149 ..\obj\usb_prop.o
 .debug_loc     0x00002b75      0x159 ..\obj\system_stm32l1xx.o
 .debug_loc     0x00002cce       0x7b ..\obj\usb_pwr.o
 .debug_loc     0x00002d49      0x1f4 ..\obj\main.o
 .debug_loc     0x00002f3d      0xe80 ..\obj\stm32l1xx_adc.o
 .debug_loc     0x00003dbd      0x3b0 ..\obj\hardware.o
 .debug_loc     0x0000416d      0xc4f ..\obj\display.o
 .debug_loc     0x00004dbc      0x538 ..\obj\stm32l1xx_syscfg.o
 .debug_loc     0x000052f4      0x183 ..\obj\stm32l1xx_dma.o
 .debug_loc     0x00005477       0xf2 ..\obj\debug.o
 .debug_loc     0x00005569      0x11b ..\obj\usb_endp.o
 .debug_loc     0x00005684      0x199 ..\obj\misc.o
 .debug_loc     0x0000581d     0x1179 ..\obj\stm32l1xx_rtc.o
 .debug_loc     0x00006996      0x367 ..\obj\usb_lib.o
 .debug_loc     0x00006cfd     0x1919 ..\obj\stm32l1xx_tim.o
 .debug_loc     0x00008616      0x19d ..\obj\soundmixer.o

.debug_aranges  0x00000000     0x11f0
 .debug_aranges
                0x00000000       0x88 ..\obj\stm32l1xx_gpio.o
 .debug_aranges
                0x00000088       0x98 ..\obj\usb_core.o
 .debug_aranges
                0x00000120       0x88 ..\obj\stm32l1xx_pwr.o
 .debug_aranges
                0x000001a8       0x48 ..\obj\i2c_soft.o
 .debug_aranges
                0x000001f0       0xa0 ..\obj\stm32l1xx_dac.o
 .debug_aranges
                0x00000290       0x28 ..\obj\startup_stm32l1xx_md.o
 .debug_aranges
                0x000002b8       0x18 ..\obj\usb_desc.o
 .debug_aranges
                0x000002d0      0x1a8 ..\obj\usb_regs.o
 .debug_aranges
                0x00000478       0x18 ..\obj\DefaultFonts.o
 .debug_aranges
                0x00000490       0x28 ..\obj\touch.o
 .debug_aranges
                0x000004b8       0x58 ..\obj\hw_config.o
 .debug_aranges
                0x00000510      0x148 ..\obj\stm32l1xx_rcc.o
 .debug_aranges
                0x00000658       0x80 ..\obj\usb_prop.o
 .debug_aranges
                0x000006d8       0x28 ..\obj\system_stm32l1xx.o
 .debug_aranges
                0x00000700       0x40 ..\obj\usb_pwr.o
 .debug_aranges
                0x00000740       0x30 ..\obj\main.o
 .debug_aranges
                0x00000770      0x148 ..\obj\stm32l1xx_adc.o
 .debug_aranges
                0x000008b8      0x108 ..\obj\hardware.o
 .debug_aranges
                0x000009c0       0xc8 ..\obj\display.o
 .debug_aranges
                0x00000a88       0x80 ..\obj\stm32l1xx_syscfg.o
 .debug_aranges
                0x00000b08       0x70 ..\obj\stm32l1xx_dma.o
 .debug_aranges
                0x00000b78       0x20 ..\obj\sh_cmd.o
 .debug_aranges
                0x00000b98       0x60 ..\obj\debug.o
 .debug_aranges
                0x00000bf8       0x28 ..\obj\usb_endp.o
 .debug_aranges
                0x00000c20       0x40 ..\obj\misc.o
 .debug_aranges
                0x00000c60      0x1d0 ..\obj\stm32l1xx_rtc.o
 .debug_aranges
                0x00000e30       0x58 ..\obj\usb_lib.o
 .debug_aranges
                0x00000e88      0x2a8 ..\obj\stm32l1xx_tim.o
 .debug_aranges
                0x00001130       0x60 ..\obj\soundmixer.o
 .debug_aranges
                0x00001190       0x20 ..\obj\soundcard.o
 .debug_aranges
                0x000011b0       0x20 ..\obj\usb_istr.o
 .debug_aranges
                0x000011d0       0x20 ..\obj\clock.o

.debug_ranges   0x00000000     0x10d0
 .debug_ranges  0x00000000       0x78 ..\obj\stm32l1xx_gpio.o
 .debug_ranges  0x00000078       0xd0 ..\obj\usb_core.o
 .debug_ranges  0x00000148       0x78 ..\obj\stm32l1xx_pwr.o
 .debug_ranges  0x000001c0       0x38 ..\obj\i2c_soft.o
 .debug_ranges  0x000001f8       0x90 ..\obj\stm32l1xx_dac.o
 .debug_ranges  0x00000288       0x18 ..\obj\startup_stm32l1xx_md.o
 .debug_ranges  0x000002a0      0x198 ..\obj\usb_regs.o
 .debug_ranges  0x00000438       0x18 ..\obj\touch.o
 .debug_ranges  0x00000450       0x48 ..\obj\hw_config.o
 .debug_ranges  0x00000498      0x138 ..\obj\stm32l1xx_rcc.o
 .debug_ranges  0x000005d0       0x70 ..\obj\usb_prop.o
 .debug_ranges  0x00000640       0x18 ..\obj\system_stm32l1xx.o
 .debug_ranges  0x00000658       0x30 ..\obj\usb_pwr.o
 .debug_ranges  0x00000688       0xa8 ..\obj\main.o
 .debug_ranges  0x00000730      0x138 ..\obj\stm32l1xx_adc.o
 .debug_ranges  0x00000868       0xf8 ..\obj\hardware.o
 .debug_ranges  0x00000960       0xd0 ..\obj\display.o
 .debug_ranges  0x00000a30       0x70 ..\obj\stm32l1xx_syscfg.o
 .debug_ranges  0x00000aa0       0x60 ..\obj\stm32l1xx_dma.o
 .debug_ranges  0x00000b00       0x50 ..\obj\debug.o
 .debug_ranges  0x00000b50       0x30 ..\obj\usb_endp.o
 .debug_ranges  0x00000b80       0x30 ..\obj\misc.o
 .debug_ranges  0x00000bb0      0x1c0 ..\obj\stm32l1xx_rtc.o
 .debug_ranges  0x00000d70       0x48 ..\obj\usb_lib.o
 .debug_ranges  0x00000db8      0x298 ..\obj\stm32l1xx_tim.o
 .debug_ranges  0x00001050       0x50 ..\obj\soundmixer.o
 .debug_ranges  0x000010a0       0x10 ..\obj\soundcard.o
 .debug_ranges  0x000010b0       0x10 ..\obj\usb_istr.o
 .debug_ranges  0x000010c0       0x10 ..\obj\clock.o

.debug_line     0x00000000     0x6048
 .debug_line    0x00000000      0x2f1 ..\obj\stm32l1xx_gpio.o
 .debug_line    0x000002f1      0x413 ..\obj\usb_core.o
 .debug_line    0x00000704      0x2df ..\obj\stm32l1xx_pwr.o
 .debug_line    0x000009e3      0x256 ..\obj\i2c_soft.o
 .debug_line    0x00000c39      0x313 ..\obj\stm32l1xx_dac.o
 .debug_line    0x00000f4c       0x95 ..\obj\startup_stm32l1xx_md.o
 .debug_line    0x00000fe1      0x118 ..\obj\usb_desc.o
 .debug_line    0x000010f9      0x596 ..\obj\usb_regs.o
 .debug_line    0x0000168f       0x4e ..\obj\DefaultFonts.o
 .debug_line    0x000016dd      0x1da ..\obj\touch.o
 .debug_line    0x000018b7      0x2cc ..\obj\hw_config.o
 .debug_line    0x00001b83      0x49c ..\obj\stm32l1xx_rcc.o
 .debug_line    0x0000201f      0x2a0 ..\obj\usb_prop.o
 .debug_line    0x000022bf      0x18e ..\obj\system_stm32l1xx.o
 .debug_line    0x0000244d      0x2c7 ..\obj\usb_pwr.o
 .debug_line    0x00002714      0x3d9 ..\obj\main.o
 .debug_line    0x00002aed      0x51d ..\obj\stm32l1xx_adc.o
 .debug_line    0x0000300a      0x56c ..\obj\hardware.o
 .debug_line    0x00003576      0x4fc ..\obj\display.o
 .debug_line    0x00003a72      0x2ca ..\obj\stm32l1xx_syscfg.o
 .debug_line    0x00003d3c      0x2a7 ..\obj\stm32l1xx_dma.o
 .debug_line    0x00003fe3       0x79 ..\obj\sh_cmd.o
 .debug_line    0x0000405c      0x1f8 ..\obj\debug.o
 .debug_line    0x00004254      0x1dd ..\obj\usb_endp.o
 .debug_line    0x00004431      0x1f8 ..\obj\misc.o
 .debug_line    0x00004629      0x787 ..\obj\stm32l1xx_rtc.o
 .debug_line    0x00004db0      0x22a ..\obj\usb_lib.o
 .debug_line    0x00004fda      0x89b ..\obj\stm32l1xx_tim.o
 .debug_line    0x00005875      0x1f7 ..\obj\soundmixer.o
 .debug_line    0x00005a6c      0x275 ..\obj\soundcard.o
 .debug_line    0x00005ce1      0x19a ..\obj\usb_istr.o
 .debug_line    0x00005e7b      0x1cd ..\obj\clock.o

.debug_str      0x00000000     0x52d9
 .debug_str     0x00000000      0x497 ..\obj\stm32l1xx_gpio.o
                                0x4f3 (size before relaxing)
 .debug_str     0x00000497      0x87b ..\obj\usb_core.o
                                0xb3d (size before relaxing)
 .debug_str     0x00000d12      0x233 ..\obj\stm32l1xx_pwr.o
                                0x3e4 (size before relaxing)
 .debug_str     0x00000f45       0xa4 ..\obj\i2c_soft.o
                                0x3cd (size before relaxing)
 .debug_str     0x00000fe9      0x292 ..\obj\stm32l1xx_dac.o
                                0x46c (size before relaxing)
 .debug_str     0x0000127b       0xc6 ..\obj\startup_stm32l1xx_md.o
                                0x168 (size before relaxing)
 .debug_str     0x00001341       0xba ..\obj\usb_desc.o
                                0x1ff (size before relaxing)
 .debug_str     0x000013fb      0x307 ..\obj\usb_regs.o
                                0x543 (size before relaxing)
 .debug_str     0x00001702       0x36 ..\obj\DefaultFonts.o
                                 0xd4 (size before relaxing)
 .debug_str     0x00001738      0x51f ..\obj\touch.o
                                0x7b5 (size before relaxing)
 .debug_str     0x00001c57      0x1ba ..\obj\hw_config.o
                                0x7ad (size before relaxing)
 .debug_str     0x00001e11      0x4b9 ..\obj\stm32l1xx_rcc.o
                                0x711 (size before relaxing)
 .debug_str     0x000022ca      0x1b9 ..\obj\usb_prop.o
                                0x92f (size before relaxing)
 .debug_str     0x00002483       0xc2 ..\obj\system_stm32l1xx.o
                                0x363 (size before relaxing)
 .debug_str     0x00002545      0x12a ..\obj\usb_pwr.o
                                0x412 (size before relaxing)
 .debug_str     0x0000266f      0x636 ..\obj\main.o
                                0x9fd (size before relaxing)
 .debug_str     0x00002ca5      0x605 ..\obj\stm32l1xx_adc.o
                                0x80e (size before relaxing)
 .debug_str     0x000032aa      0x357 ..\obj\hardware.o
                                0xfe4 (size before relaxing)
 .debug_str     0x00003601      0x499 ..\obj\display.o
                                0xd73 (size before relaxing)
 .debug_str     0x00003a9a      0x26f ..\obj\stm32l1xx_syscfg.o
                                0x432 (size before relaxing)
 .debug_str     0x00003d09       0xe6 ..\obj\stm32l1xx_dma.o
                                0x3c9 (size before relaxing)
 .debug_str     0x00003def      0x112 ..\obj\debug.o
                                0x2e7 (size before relaxing)
 .debug_str     0x00003f01       0x75 ..\obj\usb_endp.o
                                0x263 (size before relaxing)
 .debug_str     0x00003f76       0xd4 ..\obj\misc.o
                                0x3d0 (size before relaxing)
 .debug_str     0x0000404a      0x82a ..\obj\stm32l1xx_rtc.o
                                0xb4e (size before relaxing)
 .debug_str     0x00004874       0xf7 ..\obj\usb_lib.o
                                0x6d2 (size before relaxing)
 .debug_str     0x0000496b      0x7eb ..\obj\stm32l1xx_tim.o
                                0xc75 (size before relaxing)
 .debug_str     0x00005156       0xca ..\obj\soundmixer.o
                                0x321 (size before relaxing)
 .debug_str     0x00005220       0x46 ..\obj\soundcard.o
                                0x741 (size before relaxing)
 .debug_str     0x00005266       0x4c ..\obj\usb_istr.o
                                0x3ba (size before relaxing)
 .debug_str     0x000052b2       0x27 ..\obj\clock.o
                                0x245 (size before relaxing)

.comment        0x00000000       0x70
 .comment       0x00000000       0x70 ..\obj\stm32l1xx_gpio.o
                                 0x71 (size before relaxing)
 .comment       0x00000000       0x71 ..\obj\usb_core.o
 .comment       0x00000000       0x71 ..\obj\stm32l1xx_pwr.o
 .comment       0x00000000       0x71 ..\obj\i2c_soft.o
 .comment       0x00000000       0x71 ..\obj\stm32l1xx_dac.o
 .comment       0x00000000       0x71 ..\obj\startup_stm32l1xx_md.o
 .comment       0x00000000       0x71 ..\obj\usb_desc.o
 .comment       0x00000000       0x71 ..\obj\usb_regs.o
 .comment       0x00000000       0x71 ..\obj\DefaultFonts.o
 .comment       0x00000000       0x71 ..\obj\touch.o
 .comment       0x00000000       0x71 ..\obj\hw_config.o
 .comment       0x00000000       0x71 ..\obj\stm32l1xx_rcc.o
 .comment       0x00000000       0x71 ..\obj\usb_prop.o
 .comment       0x00000000       0x71 ..\obj\system_stm32l1xx.o
 .comment       0x00000000       0x71 ..\obj\usb_pwr.o
 .comment       0x00000000       0x71 ..\obj\main.o
 .comment       0x00000000       0x71 ..\obj\stm32l1xx_adc.o
 .comment       0x00000000       0x71 ..\obj\hardware.o
 .comment       0x00000000       0x71 ..\obj\display.o
 .comment       0x00000000       0x71 ..\obj\stm32l1xx_syscfg.o
 .comment       0x00000000       0x71 ..\obj\stm32l1xx_dma.o
 .comment       0x00000000       0x71 ..\obj\debug.o
 .comment       0x00000000       0x71 ..\obj\usb_endp.o
 .comment       0x00000000       0x71 ..\obj\misc.o
 .comment       0x00000000       0x71 ..\obj\stm32l1xx_rtc.o
 .comment       0x00000000       0x71 ..\obj\usb_lib.o
 .comment       0x00000000       0x71 ..\obj\stm32l1xx_tim.o
 .comment       0x00000000       0x71 ..\obj\soundmixer.o
 .comment       0x00000000       0x71 ..\obj\soundcard.o
 .comment       0x00000000       0x71 ..\obj\usb_istr.o
 .comment       0x00000000       0x71 ..\obj\clock.o

.ARM.attributes
                0x00000000       0x31
 .ARM.attributes
                0x00000000       0x33 ..\obj\stm32l1xx_gpio.o
 .ARM.attributes
                0x00000033       0x33 ..\obj\usb_core.o
 .ARM.attributes
                0x00000066       0x33 ..\obj\stm32l1xx_pwr.o
 .ARM.attributes
                0x00000099       0x33 ..\obj\i2c_soft.o
 .ARM.attributes
                0x000000cc       0x33 ..\obj\stm32l1xx_dac.o
 .ARM.attributes
                0x000000ff       0x33 ..\obj\startup_stm32l1xx_md.o
 .ARM.attributes
                0x00000132       0x33 ..\obj\usb_desc.o
 .ARM.attributes
                0x00000165       0x33 ..\obj\usb_regs.o
 .ARM.attributes
                0x00000198       0x33 ..\obj\DefaultFonts.o
 .ARM.attributes
                0x000001cb       0x33 ..\obj\touch.o
 .ARM.attributes
                0x000001fe       0x33 ..\obj\hw_config.o
 .ARM.attributes
                0x00000231       0x33 ..\obj\stm32l1xx_rcc.o
 .ARM.attributes
                0x00000264       0x33 ..\obj\usb_prop.o
 .ARM.attributes
                0x00000297       0x33 ..\obj\system_stm32l1xx.o
 .ARM.attributes
                0x000002ca       0x33 ..\obj\usb_pwr.o
 .ARM.attributes
                0x000002fd       0x33 ..\obj\main.o
 .ARM.attributes
                0x00000330       0x33 ..\obj\stm32l1xx_adc.o
 .ARM.attributes
                0x00000363       0x33 ..\obj\hardware.o
 .ARM.attributes
                0x00000396       0x33 ..\obj\display.o
 .ARM.attributes
                0x000003c9       0x33 ..\obj\stm32l1xx_syscfg.o
 .ARM.attributes
                0x000003fc       0x33 ..\obj\stm32l1xx_dma.o
 .ARM.attributes
                0x0000042f       0x21 ..\obj\sh_cmd.o
 .ARM.attributes
                0x00000450       0x33 ..\obj\debug.o
 .ARM.attributes
                0x00000483       0x33 ..\obj\usb_endp.o
 .ARM.attributes
                0x000004b6       0x33 ..\obj\misc.o
 .ARM.attributes
                0x000004e9       0x33 ..\obj\stm32l1xx_rtc.o
 .ARM.attributes
                0x0000051c       0x33 ..\obj\usb_lib.o
 .ARM.attributes
                0x0000054f       0x33 ..\obj\stm32l1xx_tim.o
 .ARM.attributes
                0x00000582       0x33 ..\obj\soundmixer.o
 .ARM.attributes
                0x000005b5       0x33 ..\obj\soundcard.o
 .ARM.attributes
                0x000005e8       0x33 ..\obj\usb_istr.o
 .ARM.attributes
                0x0000061b       0x33 ..\obj\clock.o
 .ARM.attributes
                0x0000064e       0x1d c:/program files (x86)/arm gcc/bin/../lib/gcc/arm-none-eabi/4.8.4/armv7-m\libgcc.a(_arm_addsubdf3.o)
 .ARM.attributes
                0x0000066b       0x1d c:/program files (x86)/arm gcc/bin/../lib/gcc/arm-none-eabi/4.8.4/armv7-m\libgcc.a(_arm_muldivdf3.o)
 .ARM.attributes
                0x00000688       0x1d c:/program files (x86)/arm gcc/bin/../lib/gcc/arm-none-eabi/4.8.4/armv7-m\libgcc.a(_arm_fixunsdfsi.o)

.debug_frame    0x00000000     0x2788
 .debug_frame   0x00000000      0x110 ..\obj\stm32l1xx_gpio.o
 .debug_frame   0x00000110      0x1a0 ..\obj\usb_core.o
 .debug_frame   0x000002b0       0xfc ..\obj\stm32l1xx_pwr.o
 .debug_frame   0x000003ac       0xbc ..\obj\i2c_soft.o
 .debug_frame   0x00000468      0x13c ..\obj\stm32l1xx_dac.o
 .debug_frame   0x000005a4       0x38 ..\obj\startup_stm32l1xx_md.o
 .debug_frame   0x000005dc      0x3f0 ..\obj\usb_regs.o
 .debug_frame   0x000009cc       0x3c ..\obj\touch.o
 .debug_frame   0x00000a08       0xcc ..\obj\hw_config.o
 .debug_frame   0x00000ad4      0x284 ..\obj\stm32l1xx_rcc.o
 .debug_frame   0x00000d58      0x110 ..\obj\usb_prop.o
 .debug_frame   0x00000e68       0x34 ..\obj\system_stm32l1xx.o
 .debug_frame   0x00000e9c       0x90 ..\obj\usb_pwr.o
 .debug_frame   0x00000f2c       0x60 ..\obj\main.o
 .debug_frame   0x00000f8c      0x2a0 ..\obj\stm32l1xx_adc.o
 .debug_frame   0x0000122c      0x344 ..\obj\hardware.o
 .debug_frame   0x00001570      0x294 ..\obj\display.o
 .debug_frame   0x00001804       0xf0 ..\obj\stm32l1xx_syscfg.o
 .debug_frame   0x000018f4       0xc8 ..\obj\stm32l1xx_dma.o
 .debug_frame   0x000019bc       0xdc ..\obj\debug.o
 .debug_frame   0x00001a98       0x3c ..\obj\usb_endp.o
 .debug_frame   0x00001ad4       0x68 ..\obj\misc.o
 .debug_frame   0x00001b3c      0x440 ..\obj\stm32l1xx_rtc.o
 .debug_frame   0x00001f7c       0xd4 ..\obj\usb_lib.o
 .debug_frame   0x00002050      0x5c4 ..\obj\stm32l1xx_tim.o
 .debug_frame   0x00002614       0xf0 ..\obj\soundmixer.o
 .debug_frame   0x00002704       0x34 ..\obj\soundcard.o
 .debug_frame   0x00002738       0x28 ..\obj\usb_istr.o
 .debug_frame   0x00002760       0x28 ..\obj\clock.o
